// Jest Snapshot v1, https://goo.gl/fbAQLP

exports[`OTP snapshot 1`] = `
<div>
  <div
    className="verifyInput"
  >
    <div
      className="Input_wrapper__WALTg"
    >
      <i
        className="material-icons Input_icon__1jjsS"
      >
        
      </i>
      <input
        accept=""
        autoComplete=""
        className="Input_input__1IXXH"
        disabled={false}
        id=""
        maxLength={null}
        name="otp"
        onBlur={[Function]}
        onChange={[Function]}
        onFocus={[Function]}
        onMouseDown={[Function]}
        placeholder=""
        readOnly={false}
        type="text"
        value=""
      />
      <label
        className="Input_label__2ZxWx"
        htmlFor=""
      >
        Nhập mã xác thực (OTP)
      </label>
      <div
        className="Input_underline__Xwqb3"
      />
    </div>
  </div>
  <div
    className="OTPCountDown"
  >
    <div
      className="timerLabel"
    >
      Mã xác thực sẽ hết hạn trong vòng
    </div>
    <div
      className="timer"
    >
      <span>
        05:00
      </span>
    </div>
  </div>
  <button
    className="Button_buttonReset__3cQTl Button_button__2pQRN btnSendOTP"
    disabled={false}
    onClick={[Function]}
    title=""
    type="button"
  >
    Đăng ký thiết bị
  </button>
</div>
`;
